// Vitest Snapshot v1, https://vitest.dev/guide/snapshot.html

exports[`public API > gateway-probe entry exports 1`] = `
[
  "checkGateway",
  "checkGatewayFor",
  "clearServerInfoProbes",
  "isSchemaMismatchCode",
  "probeServerInfo",
  "recheckGateway",
  "recheckGatewayFor",
  "requireSupportedGateway",
]
`;

exports[`public API > operation manifest 1`] = `
{
  "line": "0.4",
  "minServer": "v0.3.11",
  "operations": {
    "AbortVodUpload": {
      "hash": "sha256:8522047f670c4127a8ed48f84784a2014a0625f22ecc502953adc09668c42c37",
      "kind": "mutation",
      "since": "v0.3.11",
    },
    "AcceptClusterInvite": {
      "hash": "sha256:1a814c3f505deb853feb597290530a542f4c32bd6f79152e3c72e0dd9e6887b8",
      "kind": "mutation",
      "since": "v0.3.11",
    },
    "AcknowledgeIncident": {
      "hash": "sha256:743db160cfa564e78ac864f34e96c1d6635986d1cd033ae297a75d251f7ef376",
      "kind": "mutation",
      "since": "v0.3.11",
    },
    "AddIncidentNote": {
      "hash": "sha256:4582f0255b8c6b8728cc17519470a0798cf7923b5b5c5b83428620d1980c33a5",
      "kind": "mutation",
      "since": "v0.3.11",
    },
    "ApplyClusterMediaConsentChange": {
      "hash": "sha256:857560420a37c6be25c5ddcadf470980b07c6c03a47e114ae0cfdd9c08fd7901",
      "kind": "mutation",
      "since": "v0.3.11",
    },
    "ApplyMediaPlacementChange": {
      "hash": "sha256:32b90b76474ab54347667f3807a2a3dda509bea3d1dc1ac2155ce970ede4c61d",
      "kind": "mutation",
      "since": "v0.3.11",
    },
    "ApproveClusterSubscription": {
      "hash": "sha256:287ce410f77b0ec5ee779838d6e747d97aac64eeb5bcfe9f21c118e19bbffc1f",
      "kind": "mutation",
      "since": "v0.3.11",
    },
    "AssignIncident": {
      "hash": "sha256:5bfb70a29d665d5c74bcba2490be7a70776a63755b5d2beb8c1e17e42b5ebf54",
      "kind": "mutation",
      "since": "v0.3.11",
    },
    "BootstrapEdge": {
      "hash": "sha256:f8148258035f8b18bc2777f03eb9f9de0d1b50c9eb5e08f586d23ec81d933f16",
      "kind": "mutation",
      "since": "v0.3.11",
    },
    "ChangeBillingTier": {
      "hash": "sha256:ff3a3b88520ed70cd55228c1b8360812576852214bda5c1e385904f7f9dda69a",
      "kind": "mutation",
      "since": "v0.3.11",
    },
    "CompleteVodUpload": {
      "hash": "sha256:2600ba4262d05214ebb87653c972abb37defa82dd415f1b34b3cda2754887e60",
      "kind": "mutation",
      "since": "v0.3.11",
    },
    "CreateCardTopup": {
      "hash": "sha256:9cdc178572c4f5348e7c37bd8533c0b960fdc108ec2ddf0ea9c3c911b4ea765e",
      "kind": "mutation",
      "since": "v0.3.11",
    },
    "CreateClip": {
      "hash": "sha256:89f7bac5006c04a34bbf399d7f73b00418b3e614f3e4c04380107a0c1a646098",
      "kind": "mutation",
      "since": "v0.3.11",
    },
    "CreateClusterInvite": {
      "hash": "sha256:e2d223ca55c17949c66bb0d31e6cbcb5eb4e98c081b313c85f24658b4840c038",
      "kind": "mutation",
      "since": "v0.3.11",
    },
    "CreateConversation": {
      "hash": "sha256:e4cd9634eb47bed66505b54c6d9ea3723db94eae7c91eb5d7c9592455da02430",
      "kind": "mutation",
      "since": "v0.3.11",
    },
    "CreateCryptoTopup": {
      "hash": "sha256:8307bace9647b7dc67ba6683efb9d3a969623cf578fc2b617427dc348f87c7fe",
      "kind": "mutation",
      "since": "v0.3.11",
    },
    "CreateDeveloperToken": {
      "hash": "sha256:540ebfc541ea5a6c7c14f777b506e14807f3db1084dc84a8ea8470206a101572",
      "kind": "mutation",
      "since": "v0.3.11",
    },
    "CreateEdgeCluster": {
      "hash": "sha256:0d92bc507e54c7389bf485c1eb07fc8a5bdd9f37ff97089cc0403dcf7f3d927b",
      "kind": "mutation",
      "since": "v0.3.11",
    },
    "CreateEnrollmentToken": {
      "hash": "sha256:9b64827850833275346f73d2ef5fdf0a8d63f5cbfc6f8271ff158998e4d63c2b",
      "kind": "mutation",
      "since": "v0.3.11",
    },
    "CreateMollieFirstPayment": {
      "hash": "sha256:9a515f713b6504c7b7d41052a650c8b0978a7fbee6b237230cd8ae0defee4ed3",
      "kind": "mutation",
      "since": "v0.3.11",
    },
    "CreateMollieSubscription": {
      "hash": "sha256:475866408a3989a6bfa413626f4618b8a36f58c380533f3725c33e50ba09e10a",
      "kind": "mutation",
      "since": "v0.3.11",
    },
    "CreatePayment": {
      "hash": "sha256:4ca77c3e7a63edf104121d2a81b44381eebb6c0a98f666723b03ebfabd490ce1",
      "kind": "mutation",
      "since": "v0.3.11",
    },
    "CreatePushTarget": {
      "hash": "sha256:f87effcffe0cd20adead983989722279e33a09fab785a61919d6b0fd3c80fef7",
      "kind": "mutation",
      "since": "v0.3.11",
    },
    "CreateSigningKey": {
      "hash": "sha256:912a7b0a0c8667ede5852854ee4e2c1789d69e55f18010392ebf0d6a596a4a7d",
      "kind": "mutation",
      "since": "v0.3.11",
    },
    "CreateStream": {
      "hash": "sha256:6e873bcc04f30bddd18ba70a45912ad7ce975e3df8750fa5e65270dc4a4b0d3e",
      "kind": "mutation",
      "since": "v0.3.11",
    },
    "CreateStreamKey": {
      "hash": "sha256:b62393ffa7ca87d50c4b7eae9a71d562706df63a63056eefa51e9c660e181f10",
      "kind": "mutation",
      "since": "v0.3.11",
    },
    "CreateStripeBillingPortal": {
      "hash": "sha256:551b0a35aee7c60bdc1243fb87014aff79a123400e49eff7bff2a70c37f1a7d9",
      "kind": "mutation",
      "since": "v0.3.11",
    },
    "CreateStripeCheckout": {
      "hash": "sha256:1d853e3f29159c96f85692cb2561705dd54ef1ddf49dad90e1d5c6ece5bf9360",
      "kind": "mutation",
      "since": "v0.3.11",
    },
    "CreateVodUpload": {
      "hash": "sha256:10f4b6e3cc00bd0be6bc7d3ad46f113d2cc096a08a8cb298237ba7e70d91c29a",
      "kind": "mutation",
      "since": "v0.3.11",
    },
    "CreateWebhookEndpoint": {
      "hash": "sha256:aa4ff7477f87be3c419803837817e637912ac8c864b63fd881d498cc5f7e6b6b",
      "kind": "mutation",
      "since": "v0.3.11",
    },
    "CryptoTopupStatusMutation": {
      "hash": "sha256:ff10d255e29b7f9d1dcbe1c829fc18e21086b267cb774c53ba8b8a090c01d90f",
      "kind": "mutation",
      "since": "v0.3.11",
    },
    "DeleteClip": {
      "hash": "sha256:9021f86ab549b1f46f736567de01e32cb2cddf4b49b816999440d0ee10abaf66",
      "kind": "mutation",
      "since": "v0.3.11",
    },
    "DeleteDVR": {
      "hash": "sha256:2c868d0ca4d6e3217e70c123df7f252904eb498de74e1f8e86963c7ad5abaa70",
      "kind": "mutation",
      "since": "v0.3.11",
    },
    "DeletePushTarget": {
      "hash": "sha256:4ee9dd4fb15e94709b06877644ef69fec3859e4ea8fe1bb14d5f3a89d12f7e1a",
      "kind": "mutation",
      "since": "v0.3.11",
    },
    "DeleteSkipperConversation": {
      "hash": "sha256:30c15f64f0cb9f9186db83ee706fac0f579438bd6cf6e6418ee3c3ff0f39f84b",
      "kind": "mutation",
      "since": "v0.3.11",
    },
    "DeleteStream": {
      "hash": "sha256:ae2f01f00669c17657a2c811511886526fc4e51aa6f0e873d2465d6ba0999f76",
      "kind": "mutation",
      "since": "v0.3.11",
    },
    "DeleteStreamKey": {
      "hash": "sha256:1b7f99b520762141fdbfa043e5b661c792a267e1238265922fe1c5b7c71c3efd",
      "kind": "mutation",
      "since": "v0.3.11",
    },
    "DeleteVodAsset": {
      "hash": "sha256:1810121f47bbe8f8cd69e8c08ad84ccc0d65bc456b9acdb72282e732f5c97f39",
      "kind": "mutation",
      "since": "v0.3.11",
    },
    "DeleteWebhookEndpoint": {
      "hash": "sha256:7a32198dbcbdda60ad078765df909be594a858cf0a0b37e0eab541a528a44705",
      "kind": "mutation",
      "since": "v0.3.11",
    },
    "DisableWebhookEndpoint": {
      "hash": "sha256:34507bdf7944046fd34328591da4a0dc11fa071bc355710493b27bb02977e02b",
      "kind": "mutation",
      "since": "v0.3.11",
    },
    "EnableWebhookEndpoint": {
      "hash": "sha256:a8f7d102d748ec9275496206283eb4441c652ab3d7f5281969e089068c8ec867",
      "kind": "mutation",
      "since": "v0.3.11",
    },
    "GetAnalyticsInfraServiceInstancesHealth": {
      "hash": "sha256:5c95b30fb7fd55d95cd32b6a09ccc90d16a221e6a88a264fc62d8bf7c9d0a4a1",
      "kind": "query",
      "since": "v0.3.11",
    },
    "GetApiUsageConnection": {
      "hash": "sha256:65c59f2dca4ac08a1453f907a6b081f34bb50a6a0bed44c358a80bf341dda29f",
      "kind": "query",
      "since": "v0.3.11",
    },
    "GetArtifactEventsConnection": {
      "hash": "sha256:908614bdfb035175104c063a318c8d1c283fbc1028f0275c389ee693c0bd9b94",
      "kind": "query",
      "since": "v0.3.11",
    },
    "GetArtifactNodeCopies": {
      "hash": "sha256:b4e48915da36407261420d93b8a19314a4695a57c892665e1865f5fbd54cceff",
      "kind": "query",
      "since": "v0.3.11",
    },
    "GetArtifactStatesConnection": {
      "hash": "sha256:7456be9b088c1125fd4ac6e5b6e9af43139e50158acc3616132b2ed270126a6c",
      "kind": "query",
      "since": "v0.3.11",
    },
    "GetBalanceTransactionsConnection": {
      "hash": "sha256:df19de070c9bc4b155de95cb603ac8d4127a2f7b78d32ea40a05961b2116d51d",
      "kind": "query",
      "since": "v0.3.11",
    },
    "GetBillingDetails": {
      "hash": "sha256:03fb875d81d95de9f6dcdbd38b0a286fa15d22c743baa6961f7d114a4180ebb2",
      "kind": "query",
      "since": "v0.3.11",
    },
    "GetBillingStatus": {
      "hash": "sha256:27329e4d7b0bd37d5a0e3c433b99885206bed5d45d89ce413a9ec2f35e3dc0e5",
      "kind": "query",
      "since": "v0.3.11",
    },
    "GetBillingTiers": {
      "hash": "sha256:17ba741228ca449710608ec9bddc87cb14b6d1caaeefa748ebf93cd4f2a32c23",
      "kind": "query",
      "since": "v0.3.11",
    },
    "GetBufferEventsConnection": {
      "hash": "sha256:35e71f734de9291fd24145e2b08b8adc0e6f71842631961e64d82872c9bae0ba",
      "kind": "query",
      "since": "v0.3.11",
    },
    "GetCapabilities": {
      "hash": "sha256:5bcc9f25296301e87387f439f9891160531efc631fd45e2bda33c658a29b4930",
      "kind": "query",
      "since": "v0.3.11",
    },
    "GetClientQoeConnection": {
      "hash": "sha256:6bb8fe5c8fe94bbc615e713512fede8424a5eb595b6cd1768e662c45edef58fa",
      "kind": "query",
      "since": "v0.3.11",
    },
    "GetClientQoeSummary": {
      "hash": "sha256:c5a00c81c7362601fb055ab6158e826ae6f86748bcb3d3b44566f6b1d5d8b964",
      "kind": "query",
      "since": "v0.3.11",
    },
    "GetClip": {
      "hash": "sha256:d9a9ebbeb9a749ffbe891f1b0831baf0b087d6c128f05e6458c53b3bdc3cacd8",
      "kind": "query",
      "since": "v0.3.11",
    },
    "GetCluster": {
      "hash": "sha256:9e746c712bca172bfb7d9ed72f0ef19034e0703c4928d7701afb5d3babf91932",
      "kind": "query",
      "since": "v0.3.11",
    },
    "GetClusterBootOps": {
      "hash": "sha256:32bff8fd850448f4c726dc2fbd2c2ac3f1ffe8875da6f8dd00354ef6c52fa25d",
      "kind": "query",
      "since": "v0.3.11",
    },
    "GetClusterInvitesConnection": {
      "hash": "sha256:2795ffa3b737502dfdcb528616ea4b458fdc0f66b57e1f0158903ccf283e7f77",
      "kind": "query",
      "since": "v0.3.11",
    },
    "GetClusterMediaConsent": {
      "hash": "sha256:ca7a99db5a7753f2a075288043d9493c0ce1a2cea1efd91d9c1c8ad540bec25d",
      "kind": "query",
      "since": "v0.3.11",
    },
    "GetClusterMediaConsentChange": {
      "hash": "sha256:7424f90fdeb7470dac16020a32b83541e583a50c26fdb68d475e6346ae70b9f0",
      "kind": "query",
      "since": "v0.3.11",
    },
    "GetClusterNodesConnection": {
      "hash": "sha256:3f059eed4b69637a372081bea610e9767c83f2d1f3f0eeffeecd82d90cb7ef90",
      "kind": "query",
      "since": "v0.3.11",
    },
    "GetClusterQoeOps": {
      "hash": "sha256:9550afed6a7eebaf6e85395b8a7874d56d10eb594e9eecca9961efa2617ce9d6",
      "kind": "query",
      "since": "v0.3.11",
    },
    "GetClusterTrafficMatrix": {
      "hash": "sha256:737ed405ce8dfb133583ccf60436c374acdbbabbdb01a9ac7a092277d198bd7f",
      "kind": "query",
      "since": "v0.3.11",
    },
    "GetClusterWorkload": {
      "hash": "sha256:5452fab2fb91100e480ff8454b306493fb45a5ea1910f3fa8822f1d75666b994",
      "kind": "query",
      "since": "v0.3.11",
    },
    "GetClustersAccessConnection": {
      "hash": "sha256:27c5559ae7304b95322c138c971dd831ff9bbb3dbdb652bdf205c4b5f3fc2b91",
      "kind": "query",
      "since": "v0.3.11",
    },
    "GetClustersAvailableConnection": {
      "hash": "sha256:cd2cac040114b732dfc2005f392513af74b716be34a8e113d7bf7c5787fe22af",
      "kind": "query",
      "since": "v0.3.11",
    },
    "GetClustersConnection": {
      "hash": "sha256:4ca5b0fdd8cd6b907937c976e86553823bed1b278a57fb1020feb13fb2960e59",
      "kind": "query",
      "since": "v0.3.11",
    },
    "GetConnectionEventsConnection": {
      "hash": "sha256:b3a397bd4d91e88030bb9fde661f7714ea5ffee912d53c7a08655d73104f1d3b",
      "kind": "query",
      "since": "v0.3.11",
    },
    "GetConversation": {
      "hash": "sha256:5d92066a523b94d7ca4ccecd8ca4769018fed44fe5dc952725102c6d85d40385",
      "kind": "query",
      "since": "v0.3.11",
    },
    "GetConversationsConnection": {
      "hash": "sha256:dc64f6eb6982a0b08e3281fe4ea6d712a89155b71740a39b3a900aafce888c79",
      "kind": "query",
      "since": "v0.3.11",
    },
    "GetDVRChapter": {
      "hash": "sha256:e44ccbf11cf9292daf9c009350c78007880a03d03ac071d5378a3264414da925",
      "kind": "query",
      "since": "v0.3.11",
    },
    "GetDailyStats": {
      "hash": "sha256:d2c4dd830a315d19a6a0cb962dc3ee1e76e6cb2669a7a29d9ee3c3f455ee2c98",
      "kind": "query",
      "since": "v0.3.11",
    },
    "GetDiscoverServicesConnection": {
      "hash": "sha256:bdefc1fdfc91d9b04825380040e243d083100bbbeea262648eaf68b900dd9aa2",
      "kind": "query",
      "since": "v0.3.11",
    },
    "GetFederationEventsConnection": {
      "hash": "sha256:85fc7850c1d1de88813562886a0a8e18008059172dd94dcb8f9872003c71eaaf",
      "kind": "query",
      "since": "v0.3.11",
    },
    "GetFederationSummary": {
      "hash": "sha256:bf36f635ed44250f0bb5e7372f5cf3dbf7d81ef122a46d0fc3a5fd036b0f00f2",
      "kind": "query",
      "since": "v0.3.11",
    },
    "GetGeographicDistribution": {
      "hash": "sha256:22310e6e655ea5a8a0d84eefaf7fa78e87f6bbc2ee48194d103fa65a1c58077e",
      "kind": "query",
      "since": "v0.3.11",
    },
    "GetIncident": {
      "hash": "sha256:f5d6da49ed1176fd08c6dd1de38785401261c55b1b8e2474ed7742d356f8a058",
      "kind": "query",
      "since": "v0.3.11",
    },
    "GetIncidentsConnection": {
      "hash": "sha256:efb0491f133adb2497b9854d848e4d7098bbe6ed00a6d21b4e00092deaaa9624",
      "kind": "query",
      "since": "v0.3.11",
    },
    "GetInfrastructureNodeMetrics1hConnection": {
      "hash": "sha256:957b4a1d77ab58976fc6b483a051bf2570265108cbd0d91c2388458963dca097",
      "kind": "query",
      "since": "v0.3.11",
    },
    "GetInfrastructureNodeMetricsConnection": {
      "hash": "sha256:39c077630bfd3943df1036147d5d7de87523328056338e72888030af185f04be",
      "kind": "query",
      "since": "v0.3.11",
    },
    "GetInvoice": {
      "hash": "sha256:0622ad43c7b345f99c71c83f33f4be15f2e55da785617eeaae044e5e60cbc062",
      "kind": "query",
      "since": "v0.3.11",
    },
    "GetInvoicesConnection": {
      "hash": "sha256:77cb15ed7bf3394e8c98c49fa18ff5da07880b6eeba1333485416e0bd9bd631e",
      "kind": "query",
      "since": "v0.3.11",
    },
    "GetMarketplaceCluster": {
      "hash": "sha256:b6ba69b50b00772666cd6dde0a1e5e19dd98d8c6b965428184b766c19229a1ec",
      "kind": "query",
      "since": "v0.3.11",
    },
    "GetMarketplaceClustersConnection": {
      "hash": "sha256:9a239ab51f59dc6a16cc0c161f6c76b68c005bf66bc0875ec5e023b96488d4d3",
      "kind": "query",
      "since": "v0.3.11",
    },
    "GetMediaPlacementChange": {
      "hash": "sha256:9a0537291e05548d2b1f7bdf12766a1d6b5024d35c3c7cb9db46328e5e1fa9e7",
      "kind": "query",
      "since": "v0.3.11",
    },
    "GetMediaPlacementOptions": {
      "hash": "sha256:a19e91734853e99cf9a6f8cde35f9a4d1c547b1d6391a06acf203a049c7aa275",
      "kind": "query",
      "since": "v0.3.11",
    },
    "GetMediaPlacementPolicy": {
      "hash": "sha256:d1e8e93fe25ad0345fb8be4a2bc88bdc961ced61eac4a521fcd99e1fdf06951e",
      "kind": "query",
      "since": "v0.3.11",
    },
    "GetMediaRetentionPolicy": {
      "hash": "sha256:4a15b0bd3d621e6f8168a799361713606f0b48d133863ee0fc8ce648a3fb3c42",
      "kind": "query",
      "since": "v0.3.11",
    },
    "GetMessagesConnection": {
      "hash": "sha256:5f37f3930792156f6385dd4aa896c2ced94751309be3d4ba15aa4d44f1355b62",
      "kind": "query",
      "since": "v0.3.11",
    },
    "GetMollieMandates": {
      "hash": "sha256:9e779d5e6503fb74efd2639a4413369ef7cb9f3507e21463704f51c872e05cac",
      "kind": "query",
      "since": "v0.3.11",
    },
    "GetMyClusterInvitesConnection": {
      "hash": "sha256:689e6c78922bb5eddb018a5ec0aa34ea5d791d216093d7bcf9ea80174b11c1fe",
      "kind": "query",
      "since": "v0.3.11",
    },
    "GetMySubscriptionsConnection": {
      "hash": "sha256:b6fe6fd79e9ea987d47f71fa7a70db12c4df4205f432a1dfbd07622dd846624d",
      "kind": "query",
      "since": "v0.3.11",
    },
    "GetNetworkStatus": {
      "hash": "sha256:28bcc5cf129094f4f6ea7ae51bff4533c3aeec060241956325e706c4b3380646",
      "kind": "query",
      "since": "v0.3.11",
    },
    "GetNode": {
      "hash": "sha256:1f15c59ad6013fa67f9ca31a773ae00d211c340764a8c46b1c3bdee507997d85",
      "kind": "query",
      "since": "v0.3.11",
    },
    "GetNodeMetrics1hConnection": {
      "hash": "sha256:894083f6507f1a308a42033b3424a403198a79e65ab852bea93f8ee03ee6c0b7",
      "kind": "query",
      "since": "v0.3.11",
    },
    "GetNodeMetricsAggregated": {
      "hash": "sha256:a7a8ec8b8a8e5c69ddfc711ff6fe02896cb51e044db79470d34fb0c4a06e8775",
      "kind": "query",
      "since": "v0.3.11",
    },
    "GetNodeMetricsConnection": {
      "hash": "sha256:4efaac20de281488b09b94603afe5d8fbbc050be2ab2427c0214b8f87457a739",
      "kind": "query",
      "since": "v0.3.11",
    },
    "GetNodePerformance5mConnection": {
      "hash": "sha256:4f430b4cdd4ab61fccf752e456fd2663156896585c0c7f02d7e432d80783d278",
      "kind": "query",
      "since": "v0.3.11",
    },
    "GetNodesConnection": {
      "hash": "sha256:57b3f165b2e8619578376a2533bae3af6f118cf5226a44329dcba5c387f391ce",
      "kind": "query",
      "since": "v0.3.11",
    },
    "GetOrchestrator": {
      "hash": "sha256:64a7af2bc417450db41e0a8535595dd2f489d26e4f612dd9f9e9d3c97f2e5065",
      "kind": "query",
      "since": "v0.3.11",
    },
    "GetOrchestratorInstances": {
      "hash": "sha256:938f418f73669746417fabb7f478b26167fbcb7798d0b14c967dfadd0f2e1125",
      "kind": "query",
      "since": "v0.3.11",
    },
    "GetOrchestratorPerformanceSeries": {
      "hash": "sha256:fba2f2c911031273b4566848651a3e2b98571eca8cb2852277536e1ba81a3b30",
      "kind": "query",
      "since": "v0.3.11",
    },
    "GetOrchestratorVantages": {
      "hash": "sha256:23ca8b937ccd5ca4707a73fa73c0d11fa8c51e39b461fc460d5081946b456d63",
      "kind": "query",
      "since": "v0.3.11",
    },
    "GetOrchestratorsConnection": {
      "hash": "sha256:12c56ad9b9970f6924a162654d13e839ba5744ebbd788af4626b1f0d66580bff",
      "kind": "query",
      "since": "v0.3.11",
    },
    "GetOverview": {
      "hash": "sha256:0a50c357aaffa2a73270f2c4df811e932f3ad41455625c0a6c5f10f17b90c49f",
      "kind": "query",
      "since": "v0.3.11",
    },
    "GetPayment": {
      "hash": "sha256:850eb2fa5c2d665a55ad0077a5ac92d95ad44f7a45e3198830b36fddf2d72256",
      "kind": "query",
      "since": "v0.3.11",
    },
    "GetPaymentsConnection": {
      "hash": "sha256:a63a005c80e6f61a468f20b5739d69c4fe3d9a97c3b4bcab2f5b059681ccad62",
      "kind": "query",
      "since": "v0.3.11",
    },
    "GetPendingSubscriptionsConnection": {
      "hash": "sha256:aa63daf5832b1d7335316aadd9f6b736331e56fd2af91f72a60938b76c526157",
      "kind": "query",
      "since": "v0.3.11",
    },
    "GetPlayerBootSummary": {
      "hash": "sha256:9d22de09c6e83d867918caacd5b2729dfa690c13597f0e6f51ee339d10a80ba2",
      "kind": "query",
      "since": "v0.3.11",
    },
    "GetPlayerBootTimeSeries": {
      "hash": "sha256:dc06f052666fd7976b4da489fa46a8ad9c45dc853ba8341bdb35ae4202f1a634",
      "kind": "query",
      "since": "v0.3.11",
    },
    "GetPrepaidBalance": {
      "hash": "sha256:2106a7864f8a54ce06d7caff01f7958d917a8e896126c5038ea8d5dc673e3e6b",
      "kind": "query",
      "since": "v0.3.11",
    },
    "GetPreviewMediaPlacement": {
      "hash": "sha256:34021a15df3c3f6df2105b8d50eb3e15620ecd6916b24b139934f5d9f3cb9ae6",
      "kind": "query",
      "since": "v0.3.11",
    },
    "GetProcessingUsageConnection": {
      "hash": "sha256:c7155dd21345d3264eeb4fd34b927cfa27d5b6b4dfc232b4b04441709b0331a3",
      "kind": "query",
      "since": "v0.3.11",
    },
    "GetQualityTierDailyConnection": {
      "hash": "sha256:e93a8b4ed6042b58614c38c6a349a1556f6753fd7c0f26ed4a1f5235f30463de",
      "kind": "query",
      "since": "v0.3.11",
    },
    "GetRebufferingEventsConnection": {
      "hash": "sha256:555eec2782afd5d8f3a18e91522ab10efc9af4c9d469bb06c752956e91d50fd0",
      "kind": "query",
      "since": "v0.3.11",
    },
    "GetRecentPullSourceEvents": {
      "hash": "sha256:0ffd8969dd6036c80daf223690fcff0472c05155c0e5ffea13eebc9483f314fe",
      "kind": "query",
      "since": "v0.3.11",
    },
    "GetReviewClusterMediaConsentChange": {
      "hash": "sha256:745db7e698a244907420a07b7f9adaade63af9b2aec88fe185ed53c60870a4bb",
      "kind": "query",
      "since": "v0.3.11",
    },
    "GetReviewMediaPlacementChange": {
      "hash": "sha256:4e51607a8b2c50c96bf58bdf3c3b14ffa6d3535dbaee287deba6fa0d9eccbc09",
      "kind": "query",
      "since": "v0.3.11",
    },
    "GetRoutingEfficiency": {
      "hash": "sha256:bf9d304cbb29cb08961d8f29c535ece6fcbd0f625d64d3010f018033cafad9d7",
      "kind": "query",
      "since": "v0.3.11",
    },
    "GetRoutingEventsConnection": {
      "hash": "sha256:4a1e32b5db5b8d616978faf0772b1d48f421e046a06b224e819e62b0e7afe6d9",
      "kind": "query",
      "since": "v0.3.11",
    },
    "GetServiceInstancesConnection": {
      "hash": "sha256:e3728bdb05794581c2fae0a02b6567648e9c07fcb5e1a0654d0d126bc9428b47",
      "kind": "query",
      "since": "v0.3.11",
    },
    "GetServiceInstancesHealth": {
      "hash": "sha256:f30b13e6b142e95d97770a90fbf3f8d64910e76033ccb1c14ecea711765f165b",
      "kind": "query",
      "since": "v0.3.11",
    },
    "GetSessionQoeSummary": {
      "hash": "sha256:6bdfe7675ea0a5f022a6405bcbf03c43dc37a4c9a21da9e06c55df2bcfdd0e0c",
      "kind": "query",
      "since": "v0.3.11",
    },
    "GetSessionQoeTimeSeries": {
      "hash": "sha256:4d59459081c37e6f71595751a75165620dca957359ca6d3f1757cd2da3e44ff0",
      "kind": "query",
      "since": "v0.3.11",
    },
    "GetSigningKey": {
      "hash": "sha256:4ed73548dfb4b49650d97245f9273fa28ddaf52d60a741793dbf0c77cbdd64c0",
      "kind": "query",
      "since": "v0.3.11",
    },
    "GetSkipperConversation": {
      "hash": "sha256:637cbe711aa9d5fb5b19ae2b2026c6694b8dc31f23c3cabefbfa8528704a9529",
      "kind": "query",
      "since": "v0.3.11",
    },
    "GetSkipperConversations": {
      "hash": "sha256:aecbf7bcce8fee6db5aa019fea698b76b84da1c46cb6b027e7f361181b6fca1f",
      "kind": "query",
      "since": "v0.3.11",
    },
    "GetSkipperReport": {
      "hash": "sha256:fe2558eb1bb44fcc8bab575084c2e947f64cff0fc5f3f827743f4722c74cfa2d",
      "kind": "query",
      "since": "v0.3.11",
    },
    "GetSkipperReports": {
      "hash": "sha256:adf62bf07a66f06e48e58058bd9c4cbc2e5ae200f2d400cc614ccf82af91d68b",
      "kind": "query",
      "since": "v0.3.11",
    },
    "GetSkipperUnreadReportCount": {
      "hash": "sha256:271d73b7871ed2a2c7ff14683fdb421ec51242de7ad0d2b4147e82656a223e5b",
      "kind": "query",
      "since": "v0.3.11",
    },
    "GetStorageEventsConnection": {
      "hash": "sha256:41d4d4bae64fdfd919e551058ed32e20383eb07dd74f0da6b3c579122b9a2dc3",
      "kind": "query",
      "since": "v0.3.11",
    },
    "GetStorageUsageConnection": {
      "hash": "sha256:6f87a6011a20b50638b7bd1070d0a7b01c92694810421e4f653b501aae41640f",
      "kind": "query",
      "since": "v0.3.11",
    },
    "GetStream": {
      "hash": "sha256:44212940a4f34dbaeb8c7383297c76f7cc1087a163ca08b9d7a539ec610f3fca",
      "kind": "query",
      "since": "v0.3.11",
    },
    "GetStreamAnalyticsDailyConnection": {
      "hash": "sha256:f7752f4f1c9bcea33fc933be1744242d5e53bd2c7caced9eaf30d29c111a81d8",
      "kind": "query",
      "since": "v0.3.11",
    },
    "GetStreamAnalyticsSummariesConnection": {
      "hash": "sha256:e23ed11d7dd374ee8207288e2dc36a7e98acfe9e1baa8b826819da92f7af635a",
      "kind": "query",
      "since": "v0.3.11",
    },
    "GetStreamAnalyticsSummary": {
      "hash": "sha256:7af02f0882a72683670838f13ff9bcc557c2ab79d6ba0d4ccd57d7560c80f4b9",
      "kind": "query",
      "since": "v0.3.11",
    },
    "GetStreamConnectionHourlyConnection": {
      "hash": "sha256:db0dea38e00d1793306bd0353aca98007273461b0165ce1611ffab5fbf566ed3",
      "kind": "query",
      "since": "v0.3.11",
    },
    "GetStreamEventsConnection": {
      "hash": "sha256:cc46eb900d1957f468091857cfe6be8aa01fc22a0ac58fb52753d6b9525d6105",
      "kind": "query",
      "since": "v0.3.11",
    },
    "GetStreamHealth5mConnection": {
      "hash": "sha256:6282eb0817c626809cc0be10d967fbcfa3659b2b9a361938c8ab0e1d063c569b",
      "kind": "query",
      "since": "v0.3.11",
    },
    "GetStreamHealthConnection": {
      "hash": "sha256:8d366abb4370ffcce26ae4332036f501a920650ff22ee54bd56d710c62920e7f",
      "kind": "query",
      "since": "v0.3.11",
    },
    "GetStreamHealthSummary": {
      "hash": "sha256:2e279f99ecef59bcafb308a6a136a62baf7f4100ef7c65d04c757b3f2622de22",
      "kind": "query",
      "since": "v0.3.11",
    },
    "GetStreamKey": {
      "hash": "sha256:a9dff1ca266f20349f4fd232dde3df65e5670136893fe1cb017ac1dd204781c7",
      "kind": "query",
      "since": "v0.3.11",
    },
    "GetStreamMetrics": {
      "hash": "sha256:a8c2bc337ab6da85ccb4acce0080a1e92bf5684b39b97be136f0147a6544cc28",
      "kind": "query",
      "since": "v0.3.11",
    },
    "GetStreamingConfig": {
      "hash": "sha256:43024e48e99fc2462cfec9c31e811ed217d41690aebed17e4b5a88e1f82b9202",
      "kind": "query",
      "since": "v0.3.11",
    },
    "GetTenant": {
      "hash": "sha256:6ea42c3d8fac4b63c473b4646cf933fa3ab8c6731d8c11f4b704fe7a98673d6d",
      "kind": "query",
      "since": "v0.3.11",
    },
    "GetTenantAnalyticsDailyConnection": {
      "hash": "sha256:982213f4ded42828d7db48806772de0b8b5ecc2f472cd6adbbdb60e130b764ef",
      "kind": "query",
      "since": "v0.3.11",
    },
    "GetTenantUsage": {
      "hash": "sha256:f093b8aa69e7fa39782df933d6798e9bbd625aacfabd1e1a798e79a67fc8258f",
      "kind": "query",
      "since": "v0.3.11",
    },
    "GetTopAssets": {
      "hash": "sha256:159d5a924976fca20ccaa0d1c7edc1c83399e5d0eb4eba171c097aded35acde2",
      "kind": "query",
      "since": "v0.3.11",
    },
    "GetTrackListConnection": {
      "hash": "sha256:1bda5335a5bbe2f4fb97f4308c5cb051022b72694a814f0fbc3575055d72f6ca",
      "kind": "query",
      "since": "v0.3.11",
    },
    "GetUsageAggregates": {
      "hash": "sha256:f907d987b0ea40c6d5e3426b5c3ce7171d7a96ab293381aea405036ee7b99b5a",
      "kind": "query",
      "since": "v0.3.11",
    },
    "GetValidateStreamKey": {
      "hash": "sha256:7c3ac7773ef13e01947e222f4d1828f536b8b2afd44186d605420db2e6575115",
      "kind": "query",
      "since": "v0.3.11",
    },
    "GetViewerGeoHourlyConnection": {
      "hash": "sha256:17fe0a0eaa514c5f56aa37e20fb0ca33245bab8957f341a238db733bacca8526",
      "kind": "query",
      "since": "v0.3.11",
    },
    "GetViewerGeographicsConnection": {
      "hash": "sha256:b1bba218d878e1df25e1c8094765aa759f28f74130e6da0206bdd5ef783fcb3b",
      "kind": "query",
      "since": "v0.3.11",
    },
    "GetViewerHoursHourlyConnection": {
      "hash": "sha256:6beba5d654daf5dba0ee881fce4cca94009e255ad3d84a223eb9c5f83f0a5256",
      "kind": "query",
      "since": "v0.3.11",
    },
    "GetViewerSessionsConnection": {
      "hash": "sha256:84eeebe8308d32696c232e69ff776162bd773c2ffd6933eba69995274fa03435",
      "kind": "query",
      "since": "v0.3.11",
    },
    "GetViewerTimeSeriesConnection": {
      "hash": "sha256:74f4ed8379dd64d16ebfc32108019d45a958e9ca73cf87c03a82d71b32b3c5fe",
      "kind": "query",
      "since": "v0.3.11",
    },
    "GetVodAsset": {
      "hash": "sha256:06be61760631314324a93c25ef0fe68a06f13997ccf42169676a0aa6f25e5e6e",
      "kind": "query",
      "since": "v0.3.11",
    },
    "GetVodRetention": {
      "hash": "sha256:a9db89386ba9f9a1147422fc94d1f2a6c6b6b229182ccfeb0a724b4970376f06",
      "kind": "query",
      "since": "v0.3.11",
    },
    "GetVodRetentionAssets": {
      "hash": "sha256:fa3e00b5afb49b555b6949214dadc1358f68b7926b996f00d2bc1b3aabdf6a3d",
      "kind": "query",
      "since": "v0.3.11",
    },
    "GetVodUploadStatus": {
      "hash": "sha256:714045ff62deb56c7504099dedb9c15ceefe7b6fbbf8f948cd423d46d5163c29",
      "kind": "query",
      "since": "v0.3.11",
    },
    "GetWebhookDeliveriesConnection": {
      "hash": "sha256:3f27c4bad72d0735a0f2ac8cba1eb61faf82bf13a39416c4c143534ac19c1c85",
      "kind": "query",
      "since": "v0.3.11",
    },
    "GetWebhookDelivery": {
      "hash": "sha256:67914a0dc51f1d63e9c003e46294069d676137129e470bafb32f8bbc22d0ec6d",
      "kind": "query",
      "since": "v0.3.11",
    },
    "GetWebhookEndpoint": {
      "hash": "sha256:5cb482345579a6a5aa1e5d09b0921876f9f7d415994a9d888571fb60cc002697",
      "kind": "query",
      "since": "v0.3.11",
    },
    "GetWebhookEndpointsConnection": {
      "hash": "sha256:370f16f6da4ae7fdbde6c9c30c2325caf08de26c9a627f7cb39883b33ab8b62c",
      "kind": "query",
      "since": "v0.3.11",
    },
    "GetWebhookEventTypes": {
      "hash": "sha256:b0799a5620465782c275ac739f8013cbae93230a459727f4f381f94e8ca09c8b",
      "kind": "query",
      "since": "v0.3.11",
    },
    "ImportVodAsset": {
      "hash": "sha256:b6585318c9215a2c6a08fdbe3102c36662cc65e7fe60273967709188ab0fed03",
      "kind": "mutation",
      "since": "v0.3.11",
    },
    "LinkEmail": {
      "hash": "sha256:1cc9b39cfc6141ac430ca9a04c2c8dba7c7847ec08c3a25c9d8d01a721b6ce29",
      "kind": "mutation",
      "since": "v0.3.11",
    },
    "LinkWallet": {
      "hash": "sha256:54a10b0d1d1caf11e26396ed26fa4b1a1ce02ae17103c17ca7eb70a8e97c14c7",
      "kind": "mutation",
      "since": "v0.3.11",
    },
    "ListArtifacts": {
      "hash": "sha256:ae59f73283079618c993735b8fb96f8de65a851e30eb70a2913ae57a91ca96e4",
      "kind": "query",
      "since": "v0.3.11",
    },
    "ListDVRChapters": {
      "hash": "sha256:d7d3354d6f06cfcb35bcc7199d6df00b9c88bba97b15e2c229c827f00b674220",
      "kind": "query",
      "since": "v0.3.11",
    },
    "ListDeveloperTokens": {
      "hash": "sha256:5176529985df2b9e7f8dd5c47f6caef06d5dff663b5cc90273d24d62daa6df60",
      "kind": "query",
      "since": "v0.3.11",
    },
    "ListPushTargets": {
      "hash": "sha256:e25c8d3787946a7f17ae2a5af6e053c65e7e1848933e59957f8fd36538072323",
      "kind": "query",
      "since": "v0.3.11",
    },
    "ListSigningKeys": {
      "hash": "sha256:d6700429c8adaa93d0ddf345092654897166803930790da0b2a55ae9d1b9ac08",
      "kind": "query",
      "since": "v0.3.11",
    },
    "ListStreamKeys": {
      "hash": "sha256:82e33b4037eaca5b717b8f9e206b430204f58259950cd3cbc28f59d7458fc39b",
      "kind": "query",
      "since": "v0.3.11",
    },
    "ListStreamMetrics": {
      "hash": "sha256:e678c75ace8ff0634390de03e6e735e230cd9ec13380dd614de4830572fcd7d6",
      "kind": "query",
      "since": "v0.3.11",
    },
    "ListStreams": {
      "hash": "sha256:9220449a6d4caa2540d710db2484fe91e4dab6d6f4f400d871b3bae3d7f2d2a8",
      "kind": "query",
      "since": "v0.3.11",
    },
    "ListUsageRecords": {
      "hash": "sha256:bdf0f9328fd086914d85345b37dbe9739b253873d06f7bf6fd0c66ed918b8d21",
      "kind": "query",
      "since": "v0.3.11",
    },
    "LiveConnectionEvents": {
      "hash": "sha256:d5edd5744d3aa6cd0891963ae6def84dc491e6d5b0fb232737bff977137ad0c7",
      "kind": "subscription",
      "since": "v0.3.11",
    },
    "LiveConversationUpdates": {
      "hash": "sha256:9fb52ca3820e21e804be0079d894fc7c8aecc09e0c606b49457d9e29372153ec",
      "kind": "subscription",
      "since": "v0.3.11",
    },
    "LiveFirehose": {
      "hash": "sha256:318c9911c07626293ee423ead56147c70d442b76387341ab7bd150486cb707c2",
      "kind": "subscription",
      "since": "v0.3.11",
    },
    "LiveIncidentUpdates": {
      "hash": "sha256:27dd6af7778d8311b9fb307c9679717203a50d5b5d8862faf928182463ce1e5a",
      "kind": "subscription",
      "since": "v0.3.11",
    },
    "LiveMessageReceived": {
      "hash": "sha256:d28bedc70c8e9566ceaf8710c4224db58691f9c793d137e31ab7518bc914b092",
      "kind": "subscription",
      "since": "v0.3.11",
    },
    "LiveProcessingEvents": {
      "hash": "sha256:01d919f79e8815429b377d3938849dbec4a5fd35b157e32e9dbcabc02151d5ff",
      "kind": "subscription",
      "since": "v0.3.11",
    },
    "LiveStorageEvents": {
      "hash": "sha256:78d63bfe1e808e20617abef428ed16619b1b6fdf5a0c93c7ca86bc06601d1452",
      "kind": "subscription",
      "since": "v0.3.11",
    },
    "LiveStreamEvents": {
      "hash": "sha256:4d390f065a4d02544173714928e15dec6a4d601145f05839c4935a68f134732f",
      "kind": "subscription",
      "since": "v0.3.11",
    },
    "LiveSystemHealth": {
      "hash": "sha256:513def1fdce7f25466a07811015ed4b61fa03e3960eaa4c4b9488336f20dfd44",
      "kind": "subscription",
      "since": "v0.3.11",
    },
    "LiveTrackListUpdates": {
      "hash": "sha256:46aa0a8b67ba0102fba052c022041f2c4c2df8a100a3c24a680e2c8b6b08c616",
      "kind": "subscription",
      "since": "v0.3.11",
    },
    "LiveViewerMetrics": {
      "hash": "sha256:f0cac21df7c6798632b9972b7401c0282bf123072589f2778401cc51756a79ca",
      "kind": "subscription",
      "since": "v0.3.11",
    },
    "MarkSkipperReportsRead": {
      "hash": "sha256:1ab87df4ef1140c6f8931220abf209a7e62a1c7cac82061f11784d0c86a91fd0",
      "kind": "mutation",
      "since": "v0.3.11",
    },
    "OpenMistAdminSession": {
      "hash": "sha256:40e4f41a7ddc28ac94cc267973733d5e80bef1762c4b122da5dfddc515b7334d",
      "kind": "mutation",
      "since": "v0.3.11",
    },
    "PromoteToPaid": {
      "hash": "sha256:803db89d4789bd7ca4f5190f93c7cd47638321c2648cde3e0a56f0eeba8745a9",
      "kind": "mutation",
      "since": "v0.3.11",
    },
    "RefreshStreamKey": {
      "hash": "sha256:379abc73915c0de3c69aa5c1dcd16e20121cca9ca6006fba2fe3c69cbf7d9938",
      "kind": "mutation",
      "since": "v0.3.11",
    },
    "RejectClusterSubscription": {
      "hash": "sha256:cc8562f4362f80a1cbb03817d795353b5d89e8ea9c2cb1faba11e562f3911dc4",
      "kind": "mutation",
      "since": "v0.3.11",
    },
    "ReplayWebhookDeliveries": {
      "hash": "sha256:9ef80de17b3ef568351f63a9d74c9fc9b3dd1facdcb485ce756e8f765ee0aa91",
      "kind": "mutation",
      "since": "v0.3.11",
    },
    "ReplayWebhookDelivery": {
      "hash": "sha256:eb90cc9db859f987f5423433227dc7e1308aac07c0fe0d91fcb85035a5b8765e",
      "kind": "mutation",
      "since": "v0.3.11",
    },
    "RequestClusterSubscription": {
      "hash": "sha256:9de8de56acee2e90e26c45adddeec4f76abd8055833a0be32a228ab65066eec0",
      "kind": "mutation",
      "since": "v0.3.11",
    },
    "ResetMediaRetentionOverride": {
      "hash": "sha256:0c0d40b7dfd2c1300e068f47a190ec586c89a702d969435447b286cd7b4db089",
      "kind": "mutation",
      "since": "v0.3.11",
    },
    "ResolveIncident": {
      "hash": "sha256:01b58c88ef4e9c6f39fa8fa2a1b0befdf86b5bcda05085dc9cfb922c4495483a",
      "kind": "mutation",
      "since": "v0.3.11",
    },
    "ResolveIngestEndpoint": {
      "hash": "sha256:135dae72fff9905e070e0956aed6bbbc1ce050e282bb318b296d37af083e6a5b",
      "kind": "query",
      "since": "v0.3.11",
    },
    "ResolveViewerEndpoint": {
      "hash": "sha256:dec07ed1bf7c0a35df7cd0ac6b43b10375f772ed8ae0aeffdff371f505207134",
      "kind": "query",
      "since": "v0.3.11",
    },
    "RevokeClusterInvite": {
      "hash": "sha256:531b4a6da92007265964b64d8af1569457ba478b238c565b0094ce11935a086a",
      "kind": "mutation",
      "since": "v0.3.11",
    },
    "RevokeDeveloperToken": {
      "hash": "sha256:d32ec205a5ae70b5130d151bab4e3e4140ca4b6f683fa61a7473358a03efe1f7",
      "kind": "mutation",
      "since": "v0.3.11",
    },
    "RevokeSigningKey": {
      "hash": "sha256:6f0b1e5a2ec244d0fc57a91e4a6ff1ad2a13ff2c685e91e2e5cf23b679b61970",
      "kind": "mutation",
      "since": "v0.3.11",
    },
    "RotateWebhookEndpointSecret": {
      "hash": "sha256:e216be8ec5ed24d5b03b2a731933ce28e70e6d347e872093631ca1fc56dd9183",
      "kind": "mutation",
      "since": "v0.3.11",
    },
    "SendMessage": {
      "hash": "sha256:ef512071213c072a2ed5cd93a9ab819508dfa80b31fbc7bcb151e95cfa15fa22",
      "kind": "mutation",
      "since": "v0.3.11",
    },
    "ServerInfo": {
      "hash": "sha256:165542f6f7045d81b9934e2f5c75f29fc6f0318d08cef85cebc580341026bf2b",
      "kind": "query",
      "since": "v0.3.11",
    },
    "SetMediaRetentionPolicy": {
      "hash": "sha256:e5af45fad8c4a1a716036a73a330835cdd3417b8fd1aa591a44d548ef541f10b",
      "kind": "mutation",
      "since": "v0.3.11",
    },
    "SetNodeMode": {
      "hash": "sha256:1b7b7a07bc34cf3b94ae55a40c0a19db0d29202edc0f4ed9ee8e300e1e91b786",
      "kind": "mutation",
      "since": "v0.3.11",
    },
    "SetPlaybackPolicy": {
      "hash": "sha256:7b1d3395f418bdc8305adf809e9613a169b202afba9390cf4a0bd10d2a6350a8",
      "kind": "mutation",
      "since": "v0.3.11",
    },
    "SetPreferredCluster": {
      "hash": "sha256:81b303b4d8c0c78f98a8fd83a45851ca21c8d3719e6553b8d0eb4f23a5d34d40",
      "kind": "mutation",
      "since": "v0.3.11",
    },
    "SetStreamRetentionOverrides": {
      "hash": "sha256:79bcf2d1531019a0d73c2b61e47c8223ec93eb195abd81e05aa6771fd5e7c8be",
      "kind": "mutation",
      "since": "v0.3.11",
    },
    "SkipperChat": {
      "hash": "sha256:4edac0e21078032f8a0796b3c35691f9dff84f0c38740a6eaa3def2137b1a610",
      "kind": "subscription",
      "since": "v0.3.11",
    },
    "StartDVR": {
      "hash": "sha256:da4c8950e2c269df37253102a205b41d3998d4b7a7fcfd14bae5ba8b18111aae",
      "kind": "mutation",
      "since": "v0.3.11",
    },
    "StopDVR": {
      "hash": "sha256:1ae1d6448505e92b1a0f590281320eaf7faffac6974f0696be5b523f86e5d9ae",
      "kind": "mutation",
      "since": "v0.3.11",
    },
    "SubmitX402Payment": {
      "hash": "sha256:ed5ad99a6a6febc59aeffa62aa82760beec2f73fa0c0fdcec16efd79ebcab167",
      "kind": "mutation",
      "since": "v0.3.11",
    },
    "SubscribeToCluster": {
      "hash": "sha256:93e5bbc318e559d20312be36c843add1160b2ff9050166b0743d315a9fa5d5ca",
      "kind": "mutation",
      "since": "v0.3.11",
    },
    "TenantEvents": {
      "hash": "sha256:659858e9b14772833db0a775909cfb0f9ae339e77ef85977b7cdc6ceeba32933",
      "kind": "subscription",
      "since": "v0.3.11",
    },
    "TestPlaybackAccess": {
      "hash": "sha256:ef20072fd6ad393fff27f87fb125defa01aeb5fe6b6610b183b8378a80cd153e",
      "kind": "mutation",
      "since": "v0.3.11",
    },
    "TestWebhookEndpoint": {
      "hash": "sha256:db35bffb304dd67849f8726289b41566de610be0134b2948029ee67640849a4e",
      "kind": "mutation",
      "since": "v0.3.11",
    },
    "UnlinkWallet": {
      "hash": "sha256:94ba3b3e752ff8d54eecf5ebd4d5f1d5516e462289829e742208ee9f051184ab",
      "kind": "mutation",
      "since": "v0.3.11",
    },
    "UnsubscribeFromCluster": {
      "hash": "sha256:3accf9d7cfe863699b86402eb00de2c532ad89a92c27925bc46c848b784bc15a",
      "kind": "mutation",
      "since": "v0.3.11",
    },
    "UpdateBillingDetails": {
      "hash": "sha256:5cf7c4c3797f6f9bb2eac451d256c35ed53e9cc0149a28c4ca62363134e3929c",
      "kind": "mutation",
      "since": "v0.3.11",
    },
    "UpdateClusterMarketplace": {
      "hash": "sha256:2314541298128f4730a3f2e534b6504cb40c0a7132c250dd551f2885ff26cd2f",
      "kind": "mutation",
      "since": "v0.3.11",
    },
    "UpdateMediaRetention": {
      "hash": "sha256:f6916f705ef5e59e142b6a8b42f07da1de24bac13a47f912717dd5d221842358",
      "kind": "mutation",
      "since": "v0.3.11",
    },
    "UpdatePushTarget": {
      "hash": "sha256:e28b2d4b9e2df7a986ad07225472fc8df4c6a5b4ab6b20ffe7eafef8d220ae2a",
      "kind": "mutation",
      "since": "v0.3.11",
    },
    "UpdateSkipperConversation": {
      "hash": "sha256:e4195baa9846c2e73a3fc3bec4a9d647c39b42a0c6cb2d9c259362ce8280b31b",
      "kind": "mutation",
      "since": "v0.3.11",
    },
    "UpdateStream": {
      "hash": "sha256:38eb99bfd4ab65bb0bfdedec939d0171ec4da6d31c3b3bf90c57c28c82ae6cda",
      "kind": "mutation",
      "since": "v0.3.11",
    },
    "UpdateTenant": {
      "hash": "sha256:ec62f2b3aa6db6cd244b60a948196303879e456a2f16618b855ffc5fe9e7e06a",
      "kind": "mutation",
      "since": "v0.3.11",
    },
    "UpdateWebhookEndpoint": {
      "hash": "sha256:f410058ebbac14c70b2561d60bcabb509c633aab361fd14023a1a221b83c257e",
      "kind": "mutation",
      "since": "v0.3.11",
    },
    "WalletLogin": {
      "hash": "sha256:9199e44428062876642483689e73ee05ec54a729ac818ab20326429eced9460c",
      "kind": "mutation",
      "since": "v0.3.11",
    },
  },
}
`;

exports[`public API > root entry exports 1`] = `
[
  "APIUsageRecordDefaultFieldsFragmentDoc",
  "AbortVodUploadDocument",
  "AcceptClusterInviteDocument",
  "AcknowledgeIncidentDocument",
  "AddIncidentNoteDocument",
  "ApplyClusterMediaConsentChangeDocument",
  "ApplyMediaPlacementChangeDocument",
  "ApproveClusterSubscriptionDocument",
  "ArtifactEventDefaultFieldsFragmentDoc",
  "ArtifactEventInNodeDefaultFieldsFragmentDoc",
  "ArtifactStateDefaultFieldsFragmentDoc",
  "AssetNodeCopiesDefaultFieldsFragmentDoc",
  "AssignIncidentDocument",
  "AuthErrorDefaultFieldsFragmentDoc",
  "AuthErrorFieldsFragmentDoc",
  "AuthenticationError",
  "AvailableClusterDefaultFieldsFragmentDoc",
  "BalanceTransactionDefaultFieldsFragmentDoc",
  "BillingDetailsDefaultFieldsFragmentDoc",
  "BillingStatusDefaultFieldsFragmentDoc",
  "BillingTierDefaultFieldsFragmentDoc",
  "BootstrapEdgeDocument",
  "BootstrapEdgeResponseDefaultFieldsFragmentDoc",
  "BufferEventDefaultFieldsFragmentDoc",
  "BufferEventInNodeDefaultFieldsFragmentDoc",
  "CapabilitiesDefaultFieldsFragmentDoc",
  "CardTopupResultDefaultFieldsFragmentDoc",
  "ChangeBillingTierDocument",
  "ChangeBillingTierPayloadDefaultFieldsFragmentDoc",
  "ClientMetrics5mDefaultFieldsFragmentDoc",
  "ClientQoeSummaryDefaultFieldsFragmentDoc",
  "ClipFieldsFragmentDoc",
  "ClipInNodeDefaultFieldsFragmentDoc",
  "ClusterAccessDefaultFieldsFragmentDoc",
  "ClusterBootOpsDefaultFieldsFragmentDoc",
  "ClusterDefaultFieldsFragmentDoc",
  "ClusterInNodeDefaultFieldsFragmentDoc",
  "ClusterInviteDefaultFieldsFragmentDoc",
  "ClusterPairTrafficDefaultFieldsFragmentDoc",
  "ClusterQoeOpsDefaultFieldsFragmentDoc",
  "ClusterSubscriptionDefaultFieldsFragmentDoc",
  "ClusterWorkloadDefaultFieldsFragmentDoc",
  "CompleteVodUploadDocument",
  "ConnectionEventDefaultFieldsFragmentDoc",
  "ConnectionEventInNodeDefaultFieldsFragmentDoc",
  "ConversationDefaultFieldsFragmentDoc",
  "ConversationInNodeDefaultFieldsFragmentDoc",
  "CreateCardTopupDocument",
  "CreateClipDocument",
  "CreateClusterInviteDocument",
  "CreateConversationDocument",
  "CreateCryptoTopupDocument",
  "CreateDeveloperTokenDocument",
  "CreateEdgeClusterDocument",
  "CreateEdgeClusterResponseDefaultFieldsFragmentDoc",
  "CreateEnrollmentTokenDocument",
  "CreateEnrollmentTokenResponseDefaultFieldsFragmentDoc",
  "CreateMollieFirstPaymentDocument",
  "CreateMollieSubscriptionDocument",
  "CreatePaymentDocument",
  "CreatePushTargetDocument",
  "CreateSigningKeyDocument",
  "CreateStreamDocument",
  "CreateStreamKeyDocument",
  "CreateStripeBillingPortalDocument",
  "CreateStripeCheckoutDocument",
  "CreateVodUploadDocument",
  "CreateWebhookEndpointDocument",
  "CryptoTopupResultDefaultFieldsFragmentDoc",
  "CryptoTopupStatusDefaultFieldsFragmentDoc",
  "CryptoTopupStatusMutationDocument",
  "DVRChapterRefFieldsFragmentDoc",
  "DVRRequestFieldsFragmentDoc",
  "DeleteClipDocument",
  "DeleteDVRDocument",
  "DeletePushTargetDocument",
  "DeleteSkipperConversationDocument",
  "DeleteStreamDocument",
  "DeleteStreamKeyDocument",
  "DeleteSuccessDefaultFieldsFragmentDoc",
  "DeleteSuccessFieldsFragmentDoc",
  "DeleteVodAssetDocument",
  "DeleteWebhookEndpointDocument",
  "DeveloperTokenFieldsFragmentDoc",
  "DisableWebhookEndpointDocument",
  "EffectiveRetentionDefaultFieldsFragmentDoc",
  "EffectiveRetentionFieldsFragmentDoc",
  "EnableWebhookEndpointDocument",
  "EventArtifactFieldsFragmentDoc",
  "EventMoneyFieldsFragmentDoc",
  "FederationEventDefaultFieldsFragmentDoc",
  "FederationSummaryDefaultFieldsFragmentDoc",
  "FrameWorksError",
  "GeographicDistributionDefaultFieldsFragmentDoc",
  "GetAnalyticsInfraServiceInstancesHealthDocument",
  "GetApiUsageConnectionDocument",
  "GetArtifactEventsConnectionDocument",
  "GetArtifactNodeCopiesDocument",
  "GetArtifactStatesConnectionDocument",
  "GetBalanceTransactionsConnectionDocument",
  "GetBillingDetailsDocument",
  "GetBillingStatusDocument",
  "GetBillingTiersDocument",
  "GetBufferEventsConnectionDocument",
  "GetCapabilitiesDocument",
  "GetClientQoeConnectionDocument",
  "GetClientQoeSummaryDocument",
  "GetClipDocument",
  "GetClusterBootOpsDocument",
  "GetClusterDocument",
  "GetClusterInvitesConnectionDocument",
  "GetClusterMediaConsentChangeDocument",
  "GetClusterMediaConsentDocument",
  "GetClusterNodesConnectionDocument",
  "GetClusterQoeOpsDocument",
  "GetClusterTrafficMatrixDocument",
  "GetClusterWorkloadDocument",
  "GetClustersAccessConnectionDocument",
  "GetClustersAvailableConnectionDocument",
  "GetClustersConnectionDocument",
  "GetConnectionEventsConnectionDocument",
  "GetConversationDocument",
  "GetConversationsConnectionDocument",
  "GetDVRChapterDocument",
  "GetDailyStatsDocument",
  "GetDiscoverServicesConnectionDocument",
  "GetFederationEventsConnectionDocument",
  "GetFederationSummaryDocument",
  "GetGeographicDistributionDocument",
  "GetIncidentDocument",
  "GetIncidentsConnectionDocument",
  "GetInfrastructureNodeMetrics1hConnectionDocument",
  "GetInfrastructureNodeMetricsConnectionDocument",
  "GetInvoiceDocument",
  "GetInvoicesConnectionDocument",
  "GetMarketplaceClusterDocument",
  "GetMarketplaceClustersConnectionDocument",
  "GetMediaPlacementChangeDocument",
  "GetMediaPlacementOptionsDocument",
  "GetMediaPlacementPolicyDocument",
  "GetMediaRetentionPolicyDocument",
  "GetMessagesConnectionDocument",
  "GetMollieMandatesDocument",
  "GetMyClusterInvitesConnectionDocument",
  "GetMySubscriptionsConnectionDocument",
  "GetNetworkStatusDocument",
  "GetNodeDocument",
  "GetNodeMetrics1hConnectionDocument",
  "GetNodeMetricsAggregatedDocument",
  "GetNodeMetricsConnectionDocument",
  "GetNodePerformance5mConnectionDocument",
  "GetNodesConnectionDocument",
  "GetOrchestratorDocument",
  "GetOrchestratorInstancesDocument",
  "GetOrchestratorPerformanceSeriesDocument",
  "GetOrchestratorVantagesDocument",
  "GetOrchestratorsConnectionDocument",
  "GetOverviewDocument",
  "GetPaymentDocument",
  "GetPaymentsConnectionDocument",
  "GetPendingSubscriptionsConnectionDocument",
  "GetPlayerBootSummaryDocument",
  "GetPlayerBootTimeSeriesDocument",
  "GetPrepaidBalanceDocument",
  "GetPreviewMediaPlacementDocument",
  "GetProcessingUsageConnectionDocument",
  "GetQualityTierDailyConnectionDocument",
  "GetRebufferingEventsConnectionDocument",
  "GetRecentPullSourceEventsDocument",
  "GetReviewClusterMediaConsentChangeDocument",
  "GetReviewMediaPlacementChangeDocument",
  "GetRoutingEfficiencyDocument",
  "GetRoutingEventsConnectionDocument",
  "GetServiceInstancesConnectionDocument",
  "GetServiceInstancesHealthDocument",
  "GetSessionQoeSummaryDocument",
  "GetSessionQoeTimeSeriesDocument",
  "GetSigningKeyDocument",
  "GetSkipperConversationDocument",
  "GetSkipperConversationsDocument",
  "GetSkipperReportDocument",
  "GetSkipperReportsDocument",
  "GetSkipperUnreadReportCountDocument",
  "GetStorageEventsConnectionDocument",
  "GetStorageUsageConnectionDocument",
  "GetStreamAnalyticsDailyConnectionDocument",
  "GetStreamAnalyticsSummariesConnectionDocument",
  "GetStreamAnalyticsSummaryDocument",
  "GetStreamConnectionHourlyConnectionDocument",
  "GetStreamDocument",
  "GetStreamEventsConnectionDocument",
  "GetStreamHealth5mConnectionDocument",
  "GetStreamHealthConnectionDocument",
  "GetStreamHealthSummaryDocument",
  "GetStreamKeyDocument",
  "GetStreamMetricsDocument",
  "GetStreamingConfigDocument",
  "GetTenantAnalyticsDailyConnectionDocument",
  "GetTenantDocument",
  "GetTenantUsageDocument",
  "GetTopAssetsDocument",
  "GetTrackListConnectionDocument",
  "GetUsageAggregatesDocument",
  "GetValidateStreamKeyDocument",
  "GetViewerGeoHourlyConnectionDocument",
  "GetViewerGeographicsConnectionDocument",
  "GetViewerHoursHourlyConnectionDocument",
  "GetViewerSessionsConnectionDocument",
  "GetViewerTimeSeriesConnectionDocument",
  "GetVodAssetDocument",
  "GetVodRetentionAssetsDocument",
  "GetVodRetentionDocument",
  "GetVodUploadStatusDocument",
  "GetWebhookDeliveriesConnectionDocument",
  "GetWebhookDeliveryDocument",
  "GetWebhookEndpointDocument",
  "GetWebhookEndpointsConnectionDocument",
  "GetWebhookEventTypesDocument",
  "GraphQLError",
  "HTTPError",
  "ImportVodAssetDocument",
  "IncidentDefaultFieldsFragmentDoc",
  "IncidentDetailDefaultFieldsFragmentDoc",
  "IncidentUpdatedEventDefaultFieldsFragmentDoc",
  "InfrastructureNodeDefaultFieldsFragmentDoc",
  "InfrastructureNodeInNodeDefaultFieldsFragmentDoc",
  "IngestEndpointFieldsFragmentDoc",
  "InvoiceDefaultFieldsFragmentDoc",
  "InvoicePaymentDefaultFieldsFragmentDoc",
  "LinkEmailDocument",
  "LinkEmailPayloadDefaultFieldsFragmentDoc",
  "LinkWalletDocument",
  "ListArtifactsDocument",
  "ListDVRChaptersDocument",
  "ListDeveloperTokensDocument",
  "ListPushTargetsDocument",
  "ListSigningKeysDocument",
  "ListStreamKeysDocument",
  "ListStreamMetricsDocument",
  "ListStreamsDocument",
  "ListUsageRecordsDocument",
  "LiveConnectionEventsDocument",
  "LiveConversationUpdatesDocument",
  "LiveFirehoseDocument",
  "LiveIncidentUpdatesDocument",
  "LiveMessageReceivedDocument",
  "LiveProcessingEventsDocument",
  "LiveStorageEventsDocument",
  "LiveStreamEventsDocument",
  "LiveSystemHealthDocument",
  "LiveTrackListUpdatesDocument",
  "LiveViewerMetricsDocument",
  "MarkSkipperReportsReadDocument",
  "MarketplaceClusterDefaultFieldsFragmentDoc",
  "MediaCapacityConsentChangeDefaultFieldsFragmentDoc",
  "MediaCapacityConsentDefaultFieldsFragmentDoc",
  "MediaPlacementChangeDefaultFieldsFragmentDoc",
  "MediaPlacementErrorInMediaCapacityConsentChangeResultDefaultFieldsFragmentDoc",
  "MediaPlacementErrorInMediaCapacityConsentResultDefaultFieldsFragmentDoc",
  "MediaPlacementErrorInMediaPlacementChangeResultDefaultFieldsFragmentDoc",
  "MediaPlacementErrorInMediaPlacementOptionsResultDefaultFieldsFragmentDoc",
  "MediaPlacementErrorInMediaPlacementPolicyResultDefaultFieldsFragmentDoc",
  "MediaPlacementErrorInMediaPlacementPreviewResultDefaultFieldsFragmentDoc",
  "MediaPlacementErrorInMediaPlacementReviewResultDefaultFieldsFragmentDoc",
  "MediaPlacementOptionsConnectionDefaultFieldsFragmentDoc",
  "MediaPlacementPolicyStateDefaultFieldsFragmentDoc",
  "MediaPlacementPreviewDefaultFieldsFragmentDoc",
  "MediaPlacementReviewDefaultFieldsFragmentDoc",
  "MediaRetentionPolicyDefaultFieldsFragmentDoc",
  "MessageDefaultFieldsFragmentDoc",
  "MistAdminSessionDefaultFieldsFragmentDoc",
  "MollieFirstPaymentDefaultFieldsFragmentDoc",
  "MollieMandateDefaultFieldsFragmentDoc",
  "MollieSubscriptionDefaultFieldsFragmentDoc",
  "NetworkError",
  "NetworkStatusDefaultFieldsFragmentDoc",
  "NodeMetricDefaultFieldsFragmentDoc",
  "NodeMetricHourlyDefaultFieldsFragmentDoc",
  "NodeMetricsAggregatedDefaultFieldsFragmentDoc",
  "NodePerformance5mDefaultFieldsFragmentDoc",
  "NotFoundErrorDefaultFieldsFragmentDoc",
  "NotFoundErrorFieldsFragmentDoc",
  "OpenMistAdminSessionDocument",
  "OrchestratorInstanceDefaultFieldsFragmentDoc",
  "OrchestratorPerformancePointDefaultFieldsFragmentDoc",
  "OrchestratorVantageDefaultFieldsFragmentDoc",
  "OrchestratorWithDetailsDefaultFieldsFragmentDoc",
  "OrchestratorsConnectionDefaultFieldsFragmentDoc",
  "PageInfoDefaultFieldsFragmentDoc",
  "PageInfoFieldsFragmentDoc",
  "PaymentDefaultFieldsFragmentDoc",
  "PaymentRequiredError",
  "PlatformOverviewDefaultFieldsFragmentDoc",
  "PlaybackPolicyFieldsFragmentDoc",
  "PlayerBootSummaryDefaultFieldsFragmentDoc",
  "PlayerBootTimeSeriesBucketDefaultFieldsFragmentDoc",
  "PrepaidBalanceDefaultFieldsFragmentDoc",
  "ProcessingUsageRecordDefaultFieldsFragmentDoc",
  "ProcessingUsageRecordInNodeDefaultFieldsFragmentDoc",
  "PromoteToPaidDocument",
  "PromoteToPaidPayloadDefaultFieldsFragmentDoc",
  "ProtocolError",
  "PullSourceEventDefaultFieldsFragmentDoc",
  "PushTargetFieldsFragmentDoc",
  "QualityTierDailyDefaultFieldsFragmentDoc",
  "RateLimitError",
  "RateLimitErrorDefaultFieldsFragmentDoc",
  "RateLimitErrorFieldsFragmentDoc",
  "RebufferingEventDefaultFieldsFragmentDoc",
  "RefreshStreamKeyDocument",
  "RejectClusterSubscriptionDocument",
  "ReplayWebhookDeliveriesDocument",
  "ReplayWebhookDeliveryDocument",
  "RequestClusterSubscriptionDocument",
  "ResetMediaRetentionOverrideDocument",
  "ResolveIncidentDocument",
  "ResolveIngestEndpointDocument",
  "ResolveViewerEndpointDocument",
  "ResultError",
  "RevokeClusterInviteDocument",
  "RevokeDeveloperTokenDocument",
  "RevokeSigningKeyDocument",
  "RotateWebhookEndpointSecretDocument",
  "RoutingEfficiencyDefaultFieldsFragmentDoc",
  "RoutingEventDefaultFieldsFragmentDoc",
  "SchemaMismatchError",
  "SendMessageDocument",
  "ServerError",
  "ServerInfoDocument",
  "ServerTooOldError",
  "ServiceInstanceDefaultFieldsFragmentDoc",
  "ServiceInstanceHealthDefaultFieldsFragmentDoc",
  "SessionQoeSummaryDefaultFieldsFragmentDoc",
  "SessionQoeTimeSeriesBucketDefaultFieldsFragmentDoc",
  "SetMediaRetentionPolicyDocument",
  "SetNodeModeDocument",
  "SetPlaybackPolicyDocument",
  "SetPreferredClusterDocument",
  "SetStreamRetentionOverridesDocument",
  "SigningKeyFieldsFragmentDoc",
  "SigningKeyInNodeDefaultFieldsFragmentDoc",
  "SkipperChatDocument",
  "SkipperConversationDefaultFieldsFragmentDoc",
  "SkipperConversationSummaryDefaultFieldsFragmentDoc",
  "SkipperDoneDefaultFieldsFragmentDoc",
  "SkipperMetaDefaultFieldsFragmentDoc",
  "SkipperReportDefaultFieldsFragmentDoc",
  "SkipperReportsConnectionDefaultFieldsFragmentDoc",
  "SkipperTokenDefaultFieldsFragmentDoc",
  "SkipperToolEndEventDefaultFieldsFragmentDoc",
  "SkipperToolStartEventDefaultFieldsFragmentDoc",
  "StartDVRDocument",
  "StopDVRDocument",
  "StorageArtifactFieldsFragmentDoc",
  "StorageEventDefaultFieldsFragmentDoc",
  "StorageEventInNodeDefaultFieldsFragmentDoc",
  "StorageUsageRecordDefaultFieldsFragmentDoc",
  "StreamAnalyticsDailyDefaultFieldsFragmentDoc",
  "StreamAnalyticsSummaryDefaultFieldsFragmentDoc",
  "StreamConnectionHourlyDefaultFieldsFragmentDoc",
  "StreamEventDefaultFieldsFragmentDoc",
  "StreamEventInNodeDefaultFieldsFragmentDoc",
  "StreamFieldsFragmentDoc",
  "StreamHealth5mDefaultFieldsFragmentDoc",
  "StreamHealth5mInNodeDefaultFieldsFragmentDoc",
  "StreamHealthMetricDefaultFieldsFragmentDoc",
  "StreamHealthMetricInNodeDefaultFieldsFragmentDoc",
  "StreamHealthSummaryDefaultFieldsFragmentDoc",
  "StreamInNodeDefaultFieldsFragmentDoc",
  "StreamKeyFieldsFragmentDoc",
  "StreamMetricsFieldsFragmentDoc",
  "StreamRetentionOverridesDefaultFieldsFragmentDoc",
  "StreamValidationDefaultFieldsFragmentDoc",
  "StreamWithKeyFieldsFragmentDoc",
  "StreamingConfigDefaultFieldsFragmentDoc",
  "StripeBillingPortalSessionDefaultFieldsFragmentDoc",
  "StripeCheckoutSessionDefaultFieldsFragmentDoc",
  "SubmitX402PaymentDocument",
  "SubscribeToClusterDocument",
  "SystemHealthEventDefaultFieldsFragmentDoc",
  "TenantAnalyticsDailyDefaultFieldsFragmentDoc",
  "TenantDailyStatDefaultFieldsFragmentDoc",
  "TenantDefaultFieldsFragmentDoc",
  "TenantEventDefaultFieldsFragmentDoc",
  "TenantEventsDocument",
  "TestPlaybackAccessDocument",
  "TestWebhookEndpointDocument",
  "ThumbnailAssetsFieldsFragmentDoc",
  "TopAssetEntryDefaultFieldsFragmentDoc",
  "TrackListEventDefaultFieldsFragmentDoc",
  "TrackListEventInNodeDefaultFieldsFragmentDoc",
  "TrackListUpdateDefaultFieldsFragmentDoc",
  "TypedDocumentString",
  "UnlinkWalletDocument",
  "UnsubscribeFromClusterDocument",
  "UnsupportedOperationError",
  "UpdateBillingDetailsDocument",
  "UpdateClusterMarketplaceDocument",
  "UpdateMediaRetentionDocument",
  "UpdatePushTargetDocument",
  "UpdateSkipperConversationDocument",
  "UpdateStreamDocument",
  "UpdateTenantDocument",
  "UpdateWebhookEndpointDocument",
  "UploadError",
  "ValidationErrorDefaultFieldsFragmentDoc",
  "ValidationErrorFieldsFragmentDoc",
  "ViewerCountBucketDefaultFieldsFragmentDoc",
  "ViewerEndpointFieldsFragmentDoc",
  "ViewerGeoHourlyDefaultFieldsFragmentDoc",
  "ViewerGeoHourlyInNodeDefaultFieldsFragmentDoc",
  "ViewerGeographicDefaultFieldsFragmentDoc",
  "ViewerHoursHourlyDefaultFieldsFragmentDoc",
  "ViewerHoursHourlyInNodeDefaultFieldsFragmentDoc",
  "ViewerMetricsDefaultFieldsFragmentDoc",
  "ViewerSessionDefaultFieldsFragmentDoc",
  "ViewerSessionInNodeDefaultFieldsFragmentDoc",
  "VodAssetFieldsFragmentDoc",
  "VodAssetInNodeDefaultFieldsFragmentDoc",
  "VodRetentionAssetDefaultFieldsFragmentDoc",
  "VodRetentionDefaultFieldsFragmentDoc",
  "WalletIdentityDefaultFieldsFragmentDoc",
  "WalletLoginDocument",
  "WalletLoginPayloadDefaultFieldsFragmentDoc",
  "WebhookDeliveryDefaultFieldsFragmentDoc",
  "WebhookEndpointDefaultFieldsFragmentDoc",
  "WebhookEndpointSecretDefaultFieldsFragmentDoc",
  "WebhookReplayResultDefaultFieldsFragmentDoc",
  "WebhookTestResultDefaultFieldsFragmentDoc",
  "X402PaymentResultDefaultFieldsFragmentDoc",
  "createClient",
  "defaultRetryPolicy",
  "expectResult",
  "minServerVersion",
  "operations",
  "paginateOffset",
  "paginatePageToken",
  "paginateRelay",
  "sdkLine",
  "sdkVersion",
  "signPlaybackToken",
  "uploadVod",
]
`;

exports[`public API > select entry exports 1`] = `
[
  "buildOperation",
  "createSelectClient",
  "enumBufferState",
  "enumCardPaymentProvider",
  "enumClipCreationMode",
  "enumClusterPricingModel",
  "enumClusterSubscriptionStatus",
  "enumClusterVisibility",
  "enumConversationStatus",
  "enumCryptoAsset",
  "enumDvrChapterMode",
  "enumDvrChapterState",
  "enumEventArtifactKind",
  "enumEventCustomDomainFailureReason",
  "enumEventIngestProtocol",
  "enumEventMediaFailureReason",
  "enumEventMultistreamStatus",
  "enumEventPaymentFailureReason",
  "enumEventSuspensionReason",
  "enumIncidentEventKind",
  "enumIncidentResolution",
  "enumIncidentScope",
  "enumIncidentStatus",
  "enumIngestEndpointKind",
  "enumIngestMode",
  "enumInstanceStatus",
  "enumInvoiceStatus",
  "enumMediaIngestProtocol",
  "enumMediaPlacementCharging",
  "enumMediaPlacementClass",
  "enumMediaPlacementErrorCode",
  "enumMediaPlacementOptionKind",
  "enumMediaPlacementOrder",
  "enumMediaPlacementRolloutStatus",
  "enumMediaPlacementScopeKind",
  "enumMediaPlacementSpillover",
  "enumMediaPlacementUpdateKind",
  "enumMediaPlacementVerb",
  "enumMediaPlacementWarningSeverity",
  "enumMediaRetentionTarget",
  "enumMediaViewerProtocol",
  "enumMessageSender",
  "enumMonitoringToggle",
  "enumNodeOperationalMode",
  "enumNodeStatus",
  "enumPaymentMethod",
  "enumPaymentStatus",
  "enumPlaybackPolicyType",
  "enumRetentionSource",
  "enumSigningKeyAlgorithm",
  "enumSigningKeyStatus",
  "enumSkipperMode",
  "enumSortDirection",
  "enumSortOrder",
  "enumSourceLocationMode",
  "enumStorageArtifactKind",
  "enumStorageArtifactSortField",
  "enumStreamEventSource",
  "enumStreamEventType",
  "enumStreamStatus",
  "enumStreamSummarySortField",
  "enumValidationStatus",
  "enumVodAssetStatus",
  "enumWebhookDeliveryKind",
  "enumWebhookDeliveryStatus",
  "enumWebhookEndpointDisabledReason",
  "enumWebhookEndpointStatus",
  "isAPIUsage",
  "isAPIUsageConnection",
  "isAPIUsageEdge",
  "isAPIUsageOperationSummary",
  "isAPIUsageRecord",
  "isAPIUsageSummary",
  "isAbortVodUploadResult",
  "isAccountSuspended",
  "isAnalytics",
  "isAnalyticsHealth",
  "isAnalyticsInfra",
  "isAnalyticsLifecycle",
  "isAnalyticsUsage",
  "isApiTokenCreated",
  "isApiTokenRevoked",
  "isArtifactEvent",
  "isArtifactEventEdge",
  "isArtifactEventsConnection",
  "isArtifactState",
  "isArtifactStateEdge",
  "isArtifactStatesConnection",
  "isArtifactTrack",
  "isAssetNodeCopies",
  "isAssetNodeCopy",
  "isAuthError",
  "isAvailableCluster",
  "isAvailableClusterConnection",
  "isAvailableClusterEdge",
  "isBalanceTransaction",
  "isBalanceTransactionEdge",
  "isBalanceTransactionsConnection",
  "isBillingAddress",
  "isBillingDetails",
  "isBillingDetailsUpdated",
  "isBillingFeatures",
  "isBillingStatus",
  "isBillingTier",
  "isBootstrapEdgeResponse",
  "isBootstrapEdgeResult",
  "isBootstrapToken",
  "isBufferEvent",
  "isBufferEventEdge",
  "isBufferEventsConnection",
  "isCapabilities",
  "isCardTopupResult",
  "isChangeBillingTierPayload",
  "isChangeBillingTierResult",
  "isCityMetric",
  "isClientMetrics5m",
  "isClientMetrics5mConnection",
  "isClientMetrics5mEdge",
  "isClientQoeSummary",
  "isClip",
  "isClipFailed",
  "isClipReady",
  "isClipRequested",
  "isCluster",
  "isClusterAccess",
  "isClusterAccessConnection",
  "isClusterAccessEdge",
  "isClusterBootOps",
  "isClusterCapabilities",
  "isClusterEdge",
  "isClusterInvite",
  "isClusterInviteConnection",
  "isClusterInviteEdge",
  "isClusterMediaCapabilities",
  "isClusterPairTraffic",
  "isClusterQoeOps",
  "isClusterSubscription",
  "isClusterSubscriptionConnection",
  "isClusterSubscriptionEdge",
  "isClusterSubscriptionResult",
  "isClusterWorkload",
  "isClustersConnection",
  "isCompleteVodUploadResult",
  "isConnectionEvent",
  "isConnectionEventEdge",
  "isConnectionEventsConnection",
  "isConversation",
  "isConversationEdge",
  "isConversationsConnection",
  "isCostEntry",
  "isCountryMetric",
  "isCountryMetrics",
  "isCountryTimeSeries",
  "isCreateClipResult",
  "isCreateClusterInviteResult",
  "isCreateConversationResult",
  "isCreateDeveloperTokenResult",
  "isCreateEdgeClusterResponse",
  "isCreateEdgeClusterResult",
  "isCreateEnrollmentTokenResponse",
  "isCreateEnrollmentTokenResult",
  "isCreatePaymentResult",
  "isCreateSigningKeyResult",
  "isCreateSigningKeySuccess",
  "isCreateStreamKeyResult",
  "isCreateStreamResult",
  "isCreateVodUploadResult",
  "isCreateWebhookEndpointResult",
  "isCryptoTopupResult",
  "isCryptoTopupStatus",
  "isCurrencyConversion",
  "isCustomDomainFailed",
  "isCustomDomainStatus",
  "isCustomDomainVerified",
  "isDVRChapter",
  "isDVRChapterRef",
  "isDVRChaptersPage",
  "isDVRRequest",
  "isDeleteClipResult",
  "isDeleteDVRResult",
  "isDeleteStreamKeyResult",
  "isDeleteStreamResult",
  "isDeleteSuccess",
  "isDeleteVodAssetResult",
  "isDeleteWebhookEndpointResult",
  "isDeveloperToken",
  "isDeveloperTokenEdge",
  "isDeveloperTokensConnection",
  "isEdgeTelemetrySetup",
  "isEffectiveRetention",
  "isEntitlementEntry",
  "isError",
  "isEventArtifact",
  "isEventMoney",
  "isFederationEvent",
  "isFederationEventCount",
  "isFederationEventEdge",
  "isFederationEventsConnection",
  "isFederationSummary",
  "isGeoBucket",
  "isGeographicDistribution",
  "isImportVodAssetResult",
  "isIncident",
  "isIncidentAlert",
  "isIncidentDetail",
  "isIncidentEdge",
  "isIncidentMutationResult",
  "isIncidentTimelineEvent",
  "isIncidentUpdatedEvent",
  "isIncidentsConnection",
  "isInfrastructureNode",
  "isIngestEndpoint",
  "isIngestEndpointResponse",
  "isIngestMetadata",
  "isInvoice",
  "isInvoiceCreated",
  "isInvoiceEdge",
  "isInvoicePaid",
  "isInvoicePayment",
  "isInvoicePaymentEdge",
  "isInvoicePaymentsConnection",
  "isInvoicesConnection",
  "isLineItem",
  "isLinkEmailPayload",
  "isLinkEmailResult",
  "isLinkWalletResult",
  "isLiveNode",
  "isLiveUsageSummary",
  "isManagedSourceView",
  "isMarketplaceCluster",
  "isMarketplaceClusterConnection",
  "isMarketplaceClusterEdge",
  "isMediaCapacityConsent",
  "isMediaCapacityConsentChange",
  "isMediaCapacityConsentChangeResult",
  "isMediaCapacityConsentResult",
  "isMediaPlacementActions",
  "isMediaPlacementAllow",
  "isMediaPlacementCandidateExplanation",
  "isMediaPlacementChange",
  "isMediaPlacementChangeResult",
  "isMediaPlacementConstraints",
  "isMediaPlacementDifference",
  "isMediaPlacementEffectivePolicy",
  "isMediaPlacementError",
  "isMediaPlacementFeatures",
  "isMediaPlacementFieldError",
  "isMediaPlacementGroup",
  "isMediaPlacementImpact",
  "isMediaPlacementOption",
  "isMediaPlacementOptionsConnection",
  "isMediaPlacementOptionsResult",
  "isMediaPlacementPolicyResult",
  "isMediaPlacementPolicyState",
  "isMediaPlacementPreferences",
  "isMediaPlacementPreview",
  "isMediaPlacementPreviewResult",
  "isMediaPlacementPrice",
  "isMediaPlacementRecipient",
  "isMediaPlacementReview",
  "isMediaPlacementReviewResult",
  "isMediaPlacementRollout",
  "isMediaPlacementRules",
  "isMediaPlacementScope",
  "isMediaPlacementSelector",
  "isMediaPlacementTransition",
  "isMediaPlacementVerbPolicy",
  "isMediaPlacementWarning",
  "isMediaRetentionBounds",
  "isMediaRetentionPolicy",
  "isMessage",
  "isMessageEdge",
  "isMessagesConnection",
  "isMistAdminSession",
  "isMollieFirstPayment",
  "isMollieFirstPaymentResult",
  "isMollieMandate",
  "isMollieSubscription",
  "isMollieSubscriptionResult",
  "isMultistreamStatusChanged",
  "isMutation",
  "isMySubscriptionEdge",
  "isMySubscriptionsConnection",
  "isNetworkClusterStatus",
  "isNetworkNode",
  "isNetworkPeerConnection",
  "isNetworkServiceInstance",
  "isNetworkStatus",
  "isNode",
  "isNodeEdge",
  "isNodeMetric",
  "isNodeMetricEdge",
  "isNodeMetricHourly",
  "isNodeMetricHourlyEdge",
  "isNodeMetrics1hConnection",
  "isNodeMetricsAggregated",
  "isNodeMetricsConnection",
  "isNodePerformance5m",
  "isNodePerformance5mConnection",
  "isNodePerformance5mEdge",
  "isNodesConnection",
  "isNotFoundError",
  "isOpenMistAdminSessionResult",
  "isOrchestrator",
  "isOrchestratorCapabilityPrice",
  "isOrchestratorInstance",
  "isOrchestratorPerformancePoint",
  "isOrchestratorVantage",
  "isOrchestratorWithDetails",
  "isOrchestratorsConnection",
  "isPageInfo",
  "isPayment",
  "isPaymentFailed",
  "isPlatformOverview",
  "isPlaybackAccessDecision",
  "isPlaybackInstance",
  "isPlaybackJwtClaimRequirement",
  "isPlaybackJwtPolicy",
  "isPlaybackMetadata",
  "isPlaybackPolicy",
  "isPlaybackTrack",
  "isPlaybackWebhookPolicy",
  "isPlayerBootSummary",
  "isPlayerBootTimeSeriesBucket",
  "isPrepaidBalance",
  "isPricingRule",
  "isProcessingUsage",
  "isProcessingUsageConnection",
  "isProcessingUsageEdge",
  "isProcessingUsageRecord",
  "isProcessingUsageSummary",
  "isPromoteToPaidPayload",
  "isPromoteToPaidResult",
  "isPublicEvent",
  "isPublicEventData",
  "isPullSourceEvent",
  "isPullSourceView",
  "isPushTarget",
  "isQualityTierDaily",
  "isQualityTierDailyConnection",
  "isQualityTierDailyEdge",
  "isQualityTierSummary",
  "isQuery",
  "isRateLimitError",
  "isRebufferingEvent",
  "isRebufferingEventEdge",
  "isRebufferingEventsConnection",
  "isRecordingFailed",
  "isRecordingReady",
  "isRecordingRetentionCap",
  "isRecordingStarted",
  "isRecordingStopped",
  "isReplayWebhookDeliveriesResult",
  "isReplayWebhookDeliveryResult",
  "isRevokeClusterInviteResult",
  "isRevokeDeveloperTokenResult",
  "isRevokeSigningKeyResult",
  "isRotateWebhookEndpointSecretResult",
  "isRoutingCountryStat",
  "isRoutingEfficiency",
  "isRoutingEvent",
  "isRoutingEventEdge",
  "isRoutingEventsConnection",
  "isRoutingImpactPreview",
  "isSendMessageResult",
  "isServerInfo",
  "isServiceInstance",
  "isServiceInstanceEdge",
  "isServiceInstanceHealth",
  "isServiceInstancesConnection",
  "isSessionQoeSummary",
  "isSessionQoeTimeSeriesBucket",
  "isSetMediaRetentionPolicyResult",
  "isSetNodeModeResult",
  "isSetPlaybackPolicyResult",
  "isSetPreferredClusterResult",
  "isSetStreamRetentionOverridesResult",
  "isSigningKey",
  "isSigningKeyEdge",
  "isSigningKeysConnection",
  "isSkipperChatEvent",
  "isSkipperCitation",
  "isSkipperConfidenceBlock",
  "isSkipperConversation",
  "isSkipperConversationSummary",
  "isSkipperDone",
  "isSkipperInvestigationEvent",
  "isSkipperMessage",
  "isSkipperMeta",
  "isSkipperReport",
  "isSkipperReportRecommendation",
  "isSkipperReportsConnection",
  "isSkipperToken",
  "isSkipperToolDetail",
  "isSkipperToolEndEvent",
  "isSkipperToolStartEvent",
  "isSourceLocation",
  "isSourceLocationCluster",
  "isStartDVRResult",
  "isStopDVRResult",
  "isStorageArtifact",
  "isStorageArtifactKindCounts",
  "isStorageArtifactsConnection",
  "isStorageCostProjection",
  "isStorageEvent",
  "isStorageEventEdge",
  "isStorageEventsConnection",
  "isStorageSnapshot",
  "isStorageUsage",
  "isStorageUsageConnection",
  "isStorageUsageEdge",
  "isStorageUsageRecord",
  "isStream",
  "isStreamAnalyticsDaily",
  "isStreamAnalyticsDailyConnection",
  "isStreamAnalyticsDailyEdge",
  "isStreamAnalyticsSummary",
  "isStreamAnalyticsSummaryConnection",
  "isStreamAnalyticsSummaryEdge",
  "isStreamConnected",
  "isStreamConnectionHourly",
  "isStreamConnectionHourlyConnection",
  "isStreamConnectionHourlyEdge",
  "isStreamCreated",
  "isStreamDeleted",
  "isStreamEdge",
  "isStreamEvent",
  "isStreamEventEdge",
  "isStreamEventsConnection",
  "isStreamHealth5m",
  "isStreamHealth5mConnection",
  "isStreamHealth5mEdge",
  "isStreamHealthMetric",
  "isStreamHealthMetricEdge",
  "isStreamHealthMetricsConnection",
  "isStreamHealthSummary",
  "isStreamIdle",
  "isStreamKey",
  "isStreamKeyEdge",
  "isStreamKeyRotated",
  "isStreamKeysConnection",
  "isStreamLive",
  "isStreamMetrics",
  "isStreamRetentionOverrides",
  "isStreamTrack",
  "isStreamUpdated",
  "isStreamValidation",
  "isStreamingConfig",
  "isStreamingUsage",
  "isStreamsConnection",
  "isStripeBillingPortalResult",
  "isStripeBillingPortalSession",
  "isStripeCheckoutResult",
  "isStripeCheckoutSession",
  "isSubmitX402PaymentResult",
  "isSubscription",
  "isSystemHealthEvent",
  "isTenant",
  "isTenantAnalyticsDaily",
  "isTenantAnalyticsDailyConnection",
  "isTenantAnalyticsDailyEdge",
  "isTenantCapabilities",
  "isTenantDailyStat",
  "isTenantEvent",
  "isTenantStorageUsage",
  "isTenantSubscription",
  "isTenantUsage",
  "isTestPlaybackAccessResult",
  "isTestWebhookEndpointResult",
  "isThumbnailAssets",
  "isTimeRange",
  "isTopAssetEntry",
  "isTopupCredited",
  "isTrackListEvent",
  "isTrackListEventEdge",
  "isTrackListEventsConnection",
  "isTrackListUpdate",
  "isUnlinkWalletResult",
  "isUpdateClusterResult",
  "isUpdateMediaRetentionResult",
  "isUpdateStreamResult",
  "isUpdateTenantResult",
  "isUpdateWebhookEndpointResult",
  "isUploadAborted",
  "isUploadCompleted",
  "isUploadCreated",
  "isUploadFailed",
  "isUploadReady",
  "isUsageAggregate",
  "isUsageEntry",
  "isUsageRecord",
  "isUsageRecordEdge",
  "isUsageRecordsConnection",
  "isUser",
  "isValidationError",
  "isViewerCountBucket",
  "isViewerCountBucketEdge",
  "isViewerEndpoint",
  "isViewerEndpointResponse",
  "isViewerGeoHourly",
  "isViewerGeoHourlyConnection",
  "isViewerGeoHourlyEdge",
  "isViewerGeographic",
  "isViewerGeographicEdge",
  "isViewerGeographicsConnection",
  "isViewerHoursHourly",
  "isViewerHoursHourlyConnection",
  "isViewerHoursHourlyEdge",
  "isViewerMetrics",
  "isViewerSession",
  "isViewerSessionEdge",
  "isViewerSessionsConnection",
  "isViewerTimeSeriesConnection",
  "isVodAsset",
  "isVodRetention",
  "isVodRetentionAsset",
  "isVodRetentionAssetConnection",
  "isVodRetentionAssetEdge",
  "isVodRetentionPoint",
  "isVodUploadPart",
  "isVodUploadSession",
  "isVodUploadStatus",
  "isVodUploadStatusResult",
  "isVodUploadedPart",
  "isWalletIdentity",
  "isWalletLoginPayload",
  "isWalletLoginResult",
  "isWebhookDeliveriesConnection",
  "isWebhookDelivery",
  "isWebhookDeliveryAttempt",
  "isWebhookDeliveryEdge",
  "isWebhookEndpoint",
  "isWebhookEndpointEdge",
  "isWebhookEndpointResult",
  "isWebhookEndpointSecret",
  "isWebhookEndpointsConnection",
  "isWebhookReplayResult",
  "isWebhookTestResult",
  "isX402PaymentResult",
]
`;

exports[`public API > subscriptions entry exports 1`] = `
[
  "createSubscriptionClient",
]
`;

exports[`public API > webhooks entry exports 1`] = `
[
  "AccountSuspended",
  "ApiTokenCreated",
  "ApiTokenRevoked",
  "Artifact",
  "ArtifactKind",
  "BillingDetailsUpdated",
  "ClipFailed",
  "ClipReady",
  "ClipRequested",
  "CustomDomainFailed",
  "CustomDomainFailureReason",
  "CustomDomainVerified",
  "IngestProtocol",
  "InvoiceCreated",
  "InvoicePaid",
  "MediaFailureReason",
  "Money",
  "MultistreamStatus",
  "MultistreamStatusChanged",
  "PaymentFailed",
  "PaymentFailureReason",
  "RecordingFailed",
  "RecordingReady",
  "RecordingStarted",
  "RecordingStopped",
  "StreamConnected",
  "StreamCreated",
  "StreamDeleted",
  "StreamIdle",
  "StreamKeyRotated",
  "StreamLive",
  "StreamUpdated",
  "SuspensionReason",
  "TopupCredited",
  "UploadAborted",
  "UploadCompleted",
  "UploadCreated",
  "UploadFailed",
  "UploadReady",
  "WebhookVerificationError",
  "artifactKindFromJSON",
  "createWebhookReceiver",
  "customDomainFailureReasonFromJSON",
  "ingestProtocolFromJSON",
  "mediaFailureReasonFromJSON",
  "multistreamStatusFromJSON",
  "parseWebhookEvent",
  "paymentFailureReasonFromJSON",
  "suspensionReasonFromJSON",
]
`;
